// Jest Snapshot v1, https://goo.gl/fbAQLP

exports[`PromotionalGrid should render the item 1`] = `
<View
  style={
    {
      "display": "flex",
      "flexDirection": "row",
      "flexWrap": "wrap",
    }
  }
  testID="promotionalGrid"
>
  <View
    style={
      {
        "paddingBottom": 12,
        "paddingLeft": 12,
        "paddingRight": 12,
        "paddingTop": 12,
        "width": "50%",
      }
    }
  >
    <View
      style={
        {
          "height": 240,
        }
      }
    >
      <Image
        source={
          {
            "uri": "https://burst.shopifycdn.com/photos/fruit-plate.jpg?width=373&height=373&format=pjpg&exif=1&iptc=1",
          }
        }
        style={
          {
            "height": "100%",
            "position": "absolute",
            "width": "100%",
          }
        }
      />
      <View
        style={
          {
            "alignItems": "center",
            "display": "flex",
            "flexGrow": 1,
            "justifyContent": "center",
          }
        }
      >
        <Text
          style={
            [
              {
                "color": "#000000",
                "fontFamily": "System",
                "fontWeight": "400",
              },
              {
                "textAlign": "left",
              },
              {
                "color": "#f6f6f6",
                "marginBottom": 6,
                "textAlign": "center",
              },
            ]
          }
          variant="titleSmall"
        >
          Something
        </Text>
        <Text
          style={
            [
              {
                "color": "#000000",
                "fontFamily": "System",
                "fontWeight": "400",
              },
              {
                "textAlign": "left",
              },
              {
                "color": "#f6f6f6",
                "marginBottom": 6,
                "textAlign": "center",
              },
            ]
          }
          variant="titleLarge"
        >
          Something
        </Text>
        <Text
          style={
            [
              {
                "color": "#000000",
                "fontFamily": "System",
                "fontWeight": "400",
              },
              {
                "textAlign": "left",
              },
              {
                "color": "#f6f6f6",
                "marginBottom": 12,
                "textAlign": "center",
              },
            ]
          }
          variant="bodyMedium"
        >
          test
        </Text>
      </View>
      <View
        style={
          {
            "alignItems": "center",
            "display": "flex",
            "flexDirection": "row",
            "justifyContent": "center",
            "paddingBottom": 12,
          }
        }
      >
        <View
          accessibilityState={
            {
              "disabled": true,
            }
          }
          accessible={true}
          focusable={false}
          onClick={[Function]}
          onResponderGrant={[Function]}
          onResponderMove={[Function]}
          onResponderRelease={[Function]}
          onResponderTerminate={[Function]}
          onResponderTerminationRequest={[Function]}
          onStartShouldSetResponder={[Function]}
          style={
            [
              false,
              undefined,
            ]
          }
        >
          <View
            style={
              {
                "backgroundColor": "#f6f6f6",
              }
            }
          >
            <Text
              style={
                [
                  {
                    "color": "#000000",
                    "fontFamily": "System",
                    "fontWeight": "400",
                  },
                  {
                    "textAlign": "left",
                  },
                  {
                    "color": undefined,
                    "fontWeight": "bold",
                    "paddingBottom": 8,
                    "paddingLeft": 18,
                    "paddingRight": 18,
                    "paddingTop": 8,
                  },
                ]
              }
              variant="labelSmall"
            >
              SHOP NOW
            </Text>
          </View>
        </View>
      </View>
    </View>
  </View>
  <View
    style={
      {
        "paddingBottom": 12,
        "paddingLeft": 12,
        "paddingRight": 12,
        "paddingTop": 12,
        "width": "50%",
      }
    }
  >
    <View
      style={
        {
          "height": 240,
        }
      }
    >
      <Image
        source={
          {
            "uri": "https://burst.shopifycdn.com/photos/tea-cup-with-hot-peppers-and-yellow-tomatoes-on-red.jpg?width=240&format=pjpg&exif=1&iptc=1",
          }
        }
        style={
          {
            "height": "100%",
            "position": "absolute",
            "width": "100%",
          }
        }
      />
      <View
        style={
          {
            "alignItems": "center",
            "display": "flex",
            "flexGrow": 1,
            "justifyContent": "center",
          }
        }
      >
        <Text
          style={
            [
              {
                "color": "#000000",
                "fontFamily": "System",
                "fontWeight": "400",
              },
              {
                "textAlign": "left",
              },
              {
                "color": "#f6f6f6",
                "marginBottom": 6,
                "textAlign": "center",
              },
            ]
          }
          variant="titleSmall"
        >
          Something
        </Text>
        <Text
          style={
            [
              {
                "color": "#000000",
                "fontFamily": "System",
                "fontWeight": "400",
              },
              {
                "textAlign": "left",
              },
              {
                "color": "#f6f6f6",
                "marginBottom": 6,
                "textAlign": "center",
              },
            ]
          }
          variant="titleLarge"
        >
          Something
        </Text>
        <Text
          style={
            [
              {
                "color": "#000000",
                "fontFamily": "System",
                "fontWeight": "400",
              },
              {
                "textAlign": "left",
              },
              {
                "color": "#f6f6f6",
                "marginBottom": 12,
                "textAlign": "center",
              },
            ]
          }
          variant="bodyMedium"
        >
          test
        </Text>
      </View>
      <View
        style={
          {
            "alignItems": "center",
            "display": "flex",
            "flexDirection": "row",
            "justifyContent": "center",
            "paddingBottom": 12,
          }
        }
      >
        <View
          accessibilityState={
            {
              "disabled": true,
            }
          }
          accessible={true}
          focusable={false}
          onClick={[Function]}
          onResponderGrant={[Function]}
          onResponderMove={[Function]}
          onResponderRelease={[Function]}
          onResponderTerminate={[Function]}
          onResponderTerminationRequest={[Function]}
          onStartShouldSetResponder={[Function]}
          style={
            [
              false,
              undefined,
            ]
          }
        >
          <View
            style={
              {
                "backgroundColor": "#f6f6f6",
              }
            }
          >
            <Text
              style={
                [
                  {
                    "color": "#000000",
                    "fontFamily": "System",
                    "fontWeight": "400",
                  },
                  {
                    "textAlign": "left",
                  },
                  {
                    "color": undefined,
                    "fontWeight": "bold",
                    "paddingBottom": 8,
                    "paddingLeft": 18,
                    "paddingRight": 18,
                    "paddingTop": 8,
                  },
                ]
              }
              variant="labelSmall"
            >
              SHOP NOW
            </Text>
          </View>
        </View>
      </View>
    </View>
  </View>
</View>
`;
