// Jest Snapshot v1, https://goo.gl/fbAQLP

exports[`FeaturedCollection should render the item 1`] = `
<View
  testID="featuredCollection"
>
  <View
    style={
      {
        "alignItems": "center",
        "flexDirection": "row",
        "justifyContent": "space-between",
        "marginHorizontal": 12,
        "marginVertical": 8,
      }
    }
  >
    <Text
      style={
        [
          {
            "color": "#000000",
            "fontFamily": "System",
            "fontWeight": "400",
          },
          {
            "textAlign": "left",
          },
          {
            "fontSize": 16,
            "marginBottom": 9,
          },
        ]
      }
      variant="titleLarge"
    >
      test
    </Text>
    <View
      accessible={true}
      collapsable={false}
      focusable={true}
      onBlur={[Function]}
      onClick={[Function]}
      onFocus={[Function]}
      onResponderGrant={[Function]}
      onResponderMove={[Function]}
      onResponderRelease={[Function]}
      onResponderTerminate={[Function]}
      onResponderTerminationRequest={[Function]}
      onStartShouldSetResponder={[Function]}
      testID="onPressCollection"
    >
      <Text
        style={
          [
            {
              "color": "#000000",
              "fontFamily": "System",
              "fontWeight": "400",
            },
            {
              "textAlign": "left",
            },
            {
              "fontSize": 14,
              "marginBottom": 9,
              "textDecorationLine": "underline",
            },
          ]
        }
        variant="titleMedium"
      >
        View All
      </Text>
    </View>
  </View>
  <View
    style={
      {
        "marginLeft": 12,
        "marginRight": 12,
      }
    }
  >
    <RCTScrollView
      data={
        [
          {
            "currency": "USD",
            "image": "https://burst.shopifycdn.com/photos/tea-cup-with-hot-peppers-and-yellow-tomatoes-on-red.jpg?width=240&format=pjpg&exif=1&iptc=1",
            "key": "test",
            "name": "test",
            "notes": "pack",
            "packaging": "pack",
            "price": 0,
            "weight_unit": "KG",
          },
        ]
      }
      getItem={[Function]}
      getItemCount={[Function]}
      horizontal={true}
      initialNumToRender={4}
      keyExtractor={[Function]}
      onContentSizeChange={[Function]}
      onLayout={[Function]}
      onMomentumScrollBegin={[Function]}
      onMomentumScrollEnd={[Function]}
      onScroll={[Function]}
      onScrollBeginDrag={[Function]}
      onScrollEndDrag={[Function]}
      renderItem={[Function]}
      scrollEventThrottle={50}
      stickyHeaderIndices={[]}
      testID="productList"
    >
      <View>
        <View
          onLayout={[Function]}
          style={
            [
              {
                "flexDirection": "row",
              },
              null,
            ]
          }
        >
          <View
            style={
              [
                {
                  "marginRight": 8,
                  "marginVertical": 5,
                },
              ]
            }
          >
            <View
              style={
                {
                  "alignItems": "center",
                }
              }
            >
              <View
                accessible={true}
                collapsable={false}
                focusable={true}
                onBlur={[Function]}
                onClick={[Function]}
                onFocus={[Function]}
                onResponderGrant={[Function]}
                onResponderMove={[Function]}
                onResponderRelease={[Function]}
                onResponderTerminate={[Function]}
                onResponderTerminationRequest={[Function]}
                onStartShouldSetResponder={[Function]}
                style={
                  {
                    "alignItems": "flex-start",
                  }
                }
              >
                <Image
                  resizeMode="cover"
                  source={
                    {
                      "height": 250,
                      "uri": "https://burst.shopifycdn.com/photos/tea-cup-with-hot-peppers-and-yellow-tomatoes-on-red.jpg?width=240&format=pjpg&exif=1&iptc=1",
                      "width": 240,
                    }
                  }
                  style={
                    {
                      "borderRadius": 4,
                    }
                  }
                />
                <View
                  style={
                    {
                      "alignItems": "center",
                      "display": "flex",
                      "flexDirection": "row",
                      "marginTop": 6,
                      "width": 240,
                    }
                  }
                >
                  <Text
                    style={
                      [
                        {
                          "color": "#000000",
                          "fontFamily": "System",
                          "fontWeight": "400",
                        },
                        {
                          "textAlign": "left",
                        },
                        [
                          {
                            "textAlign": "left",
                          },
                          {
                            "color": "rgba(0, 0, 0, 0.87)",
                            "fontFamily": "System",
                            "fontWeight": "500",
                            "writingDirection": "ltr",
                          },
                          [
                            {
                              "fontSize": 20,
                              "letterSpacing": 0.15,
                              "lineHeight": 30,
                              "marginVertical": 2,
                            },
                            {
                              "fontSize": 14,
                              "fontWeight": "bold",
                              "lineHeight": 16,
                              "marginRight": 10,
                            },
                          ],
                        ],
                      ]
                    }
                  >
                    test
                  </Text>
                  <View
                    style={
                      {
                        "flex": 1,
                      }
                    }
                  />
                </View>
                <View
                  style={
                    {
                      "alignItems": "center",
                      "flexDirection": "row",
                      "justifyContent": "center",
                      "marginTop": 5,
                    }
                  }
                >
                  <Text
                    style={
                      [
                        {
                          "color": "#000000",
                          "fontFamily": "System",
                          "fontWeight": "400",
                        },
                        {
                          "textAlign": "left",
                        },
                        {
                          "color": "#008D3E",
                          "fontSize": 14,
                          "fontWeight": "400",
                        },
                      ]
                    }
                  >
                    $0.00
                  </Text>
                  <Text
                    style={
                      [
                        {
                          "color": "#000000",
                          "fontFamily": "System",
                          "fontWeight": "400",
                        },
                        {
                          "textAlign": "left",
                        },
                        {
                          "color": "#808080",
                          "fontSize": 12,
                          "fontWeight": "400",
                        },
                      ]
                    }
                  >
                     / pack
                  </Text>
                </View>
                <Text
                  style={
                    [
                      {
                        "color": "#000000",
                        "fontFamily": "System",
                        "fontWeight": "400",
                      },
                      {
                        "textAlign": "left",
                      },
                      {
                        "color": "#808080",
                        "fontSize": 12,
                        "fontWeight": "400",
                      },
                    ]
                  }
                >
                  pack
                </Text>
              </View>
            </View>
          </View>
        </View>
      </View>
    </RCTScrollView>
  </View>
</View>
`;
