// Jest Snapshot v1, https://goo.gl/fbAQLP

exports[`SplitOfferCard should render the item 1`] = `
<View
  style={
    {
      "alignItems": "center",
      "backgroundColor": "#c8e6c9",
      "flexDirection": "row-reverse",
      "marginTop": 48,
      "marginVertical": 10,
      "paddingBottom": 48,
      "paddingTop": 48,
    }
  }
  testID="splitCardOffer"
>
  <Image
    source={
      {
        "uri": "https://cdn.shopify.com/s/files/1/0648/1303/9842/files/Newsletter_bg_300x.png?v=1653648705",
      }
    }
    style={
      {
        "height": 280,
        "width": "60%",
      }
    }
    testID="offerImage"
  />
  <View
    style={
      {
        "alignItems": "center",
        "width": "40%",
      }
    }
  >
    <Text
      style={
        [
          {
            "color": "#000000",
            "fontFamily": "System",
            "fontWeight": "400",
          },
          {
            "textAlign": "left",
          },
          {
            "color": "#000",
            "fontSize": 22,
            "fontWeight": "bold",
            "marginVertical": 5,
            "paddingTop": 10,
          },
        ]
      }
      variant="titleSmall"
    >
      Get Exclusive Offers
    </Text>
    <Text
      style={
        [
          {
            "color": "#000000",
            "fontFamily": "System",
            "fontWeight": "400",
          },
          {
            "textAlign": "left",
          },
          {
            "color": "#000",
            "fontSize": 16,
            "fontWeight": "100",
            "marginVertical": 10,
            "textAlign": "center",
          },
        ]
      }
      variant="titleSmall"
    >
      Get exclusive offers & more by signing up for our promotional email
    </Text>
    <View
      collapsable={false}
      style={
        {
          "backgroundColor": "#000000",
          "borderColor": "transparent",
          "borderRadius": 1,
          "borderStyle": "solid",
          "borderWidth": 0,
          "elevation": 2,
          "marginVertical": 5,
          "minWidth": 64,
          "shadowColor": "#000000",
          "shadowOffset": {
            "height": 0.75,
            "width": 0,
          },
          "shadowOpacity": 0.24,
          "shadowRadius": 1.5,
        }
      }
    >
      <View
        accessibilityRole="button"
        accessibilityState={
          {
            "disabled": true,
          }
        }
        accessible={true}
        focusable={false}
        onClick={[Function]}
        onResponderGrant={[Function]}
        onResponderMove={[Function]}
        onResponderRelease={[Function]}
        onResponderTerminate={[Function]}
        onResponderTerminationRequest={[Function]}
        onStartShouldSetResponder={[Function]}
        style={
          [
            {
              "overflow": "hidden",
            },
            {
              "borderRadius": 1,
            },
          ]
        }
        testID="buttonPress"
      >
        <View
          style={
            [
              {
                "alignItems": "center",
                "flexDirection": "row",
                "justifyContent": "center",
              },
              undefined,
            ]
          }
        >
          <Text
            numberOfLines={1}
            selectable={false}
            style={
              [
                {
                  "color": "#000000",
                  "fontFamily": "System",
                  "fontWeight": "400",
                },
                {
                  "textAlign": "left",
                },
                [
                  {
                    "letterSpacing": 1,
                    "marginHorizontal": 16,
                    "marginVertical": 9,
                    "textAlign": "center",
                  },
                  undefined,
                  {
                    "textTransform": "uppercase",
                  },
                  {
                    "color": "#ffffff",
                    "fontFamily": "System",
                    "fontWeight": "500",
                  },
                  {
                    "fontFamily": "System",
                    "fontWeight": "500",
                  },
                  undefined,
                ],
              ]
            }
          >
            View Offers
          </Text>
        </View>
      </View>
    </View>
  </View>
</View>
`;
