// Jest Snapshot v1, https://goo.gl/fbAQLP

exports[`CategoryList should render the item 1`] = `
<RCTScrollView
  testID="categoryList"
>
  <View>
    <View
      style={
        {
          "flexDirection": "row",
          "flexWrap": "wrap",
        }
      }
    >
      <View
        accessible={true}
        collapsable={false}
        focusable={true}
        onClick={[Function]}
        onResponderGrant={[Function]}
        onResponderMove={[Function]}
        onResponderRelease={[Function]}
        onResponderTerminate={[Function]}
        onResponderTerminationRequest={[Function]}
        onStartShouldSetResponder={[Function]}
        style={
          {
            "margin": 10,
            "opacity": 1,
            "width": "30%",
          }
        }
      >
        <View
          accessibilityIgnoresInvertColors={true}
          style={
            {
              "height": 180,
              "width": "100%",
            }
          }
        >
          <Image
            source={
              {
                "uri": "https://burst.shopifycdn.com/photos/tea-cup-with-hot-peppers-and-yellow-tomatoes-on-red.jpg?width=240&format=pjpg&exif=1&iptc=1",
              }
            }
            style={
              [
                {
                  "bottom": 0,
                  "left": 0,
                  "position": "absolute",
                  "right": 0,
                  "top": 0,
                },
                {
                  "height": 180,
                  "width": "100%",
                },
                undefined,
              ]
            }
          />
          <Text
            style={
              {
                "color": "#fff",
                "fontSize": 22,
                "fontWeight": "700",
                "marginTop": 60,
                "textAlign": "center",
              }
            }
          >
            test
          </Text>
        </View>
      </View>
    </View>
  </View>
</RCTScrollView>
`;
